---
source: tui/src/status/tests.rs
expression: sanitized
---
/status

╭────────────────────────────────────────────────────────────────────────────────────────╮
│  >_ OpenAI Codex (v0.0.0)                                                              │
│                                                                                        │
│ Visit https://chatgpt.com/codex/settings/usage for up-to-date                          │
│ information on rate limits and credits                                                 │
│                                                                                        │
│  Model:            gpt-5.1-codex-max (reasoning none, summaries auto)                  │
│  Directory: [[workspace]]                                                              │
│  Permissions:      Custom (read-only, on-request)                                      │
│  Agents.md:        <none>                                                              │
│  Account:          active@example.com (Pro)                                            │
│                                                                                        │
│  Context window:   100% left (1.2K used / 272K)                                        │
│  Limits:           data not available yet                                              │
│  Other accounts:   plus@example.com (Plus) · 1h limit 28% left                         │
│                    API key (...9999) · limits unavailable for API key auth             │
│                    error@example.com (Free) · failed to load limits: request timed out │
╰────────────────────────────────────────────────────────────────────────────────────────╯
