---
source: tui/src/chatwidget/tests/accounts.rs
expression: popup
---
  Account
  API key (...2222)

     Switch to API key (...2222) (disabled)  Make this the active account
                                             (disabled: Already active)
› 2. Remove API key (...2222)                Delete this saved login from /
                                             accounts
  3. Back                                    Return to the accounts list

  Press enter to confirm or esc to go back
